src/app/methodology/page.tsx(177,30): error TS2304: Cannot find name 'Users'.
